../Core/Src/ssd1306_tests.c:4159:6:ssd1306_TestBorder	16	static
../Core/Src/ssd1306_tests.c:4185:6:ssd1306_TestFonts1	24	static
../Core/Src/ssd1306_tests.c:4218:6:ssd1306_TestFonts2	32	static
../Core/Src/ssd1306_tests.c:4243:6:ssd1306_TestFonts3	16	static
../Core/Src/ssd1306_tests.c:4263:6:ssd1306_TestFPS	120	static
../Core/Src/ssd1306_tests.c:4301:6:ssd1306_TestLine	16	static
../Core/Src/ssd1306_tests.c:4309:6:ssd1306_TestRectangle	32	static
../Core/Src/ssd1306_tests.c:4319:6:ssd1306_TestRectangleFill	16	static
../Core/Src/ssd1306_tests.c:4327:6:ssd1306_TestRectangleInvert	16	static
../Core/Src/ssd1306_tests.c:4351:6:ssd1306_TestCircle	16	static
../Core/Src/ssd1306_tests.c:4366:6:ssd1306_TestArc	16	static
../Core/Src/ssd1306_tests.c:4373:6:ssd1306_TestPolyline	32	static
../Core/Src/ssd1306_tests.c:4390:6:ssd1306_QR_Code	16	static
../Core/Src/ssd1306_tests.c:4397:6:ssd1306_TestDrawBitmap	16	static
../Core/Src/ssd1306_tests.c:4404:6:ssd1306_TestDrawBitmap2	16	static
../Core/Src/ssd1306_tests.c:4658:6:ssd1306_TestAll	8	static
../Core/Src/ssd1306_tests.c:4693:6:amogus	16	static
